CREATE EXTENSION http;
set http.timeout_msec = 10000;
SELECT http_set_curlopt('CURLOPT_TIMEOUT', '10');
 http_set_curlopt 
------------------
 t
(1 row)

-- Status code
SELECT status
FROM http_get('https://httpbin.org/status/202');
 status 
--------
    202
(1 row)

-- Headers
SELECT lower(field) AS field, value
FROM (
	SELECT (unnest(headers)).*
	FROM http_get('https://httpbin.org/response-headers?Abcde=abcde')
) a
WHERE field ILIKE 'Abcde';
 field | value 
-------+-------
 abcde | abcde
(1 row)

-- GET
SELECT status,
content::json->'args'->>'foo' AS args,
content::json->'url' AS url,
content::json->'method' AS method
FROM http_get('https://httpbin.org/anything?foo=bar');
 status | args |                  url                   | method 
--------+------+----------------------------------------+--------
    200 | bar  | "https://httpbin.org/anything?foo=bar" | "GET"
(1 row)

-- GET with data
SELECT status,
content::json->'args'->>'this' AS args,
content::json->'url' AS url,
content::json->'method' AS method
FROM http_get('https://httpbin.org/anything', jsonb_build_object('this', 'that'));
 status | args |                   url                    | method 
--------+------+------------------------------------------+--------
    200 | that | "https://httpbin.org/anything?this=that" | "GET"
(1 row)

-- GET with data
SELECT status,
content::json->'args' as args,
(content::json)->>'data' as data,
content::json->'url' as url,
content::json->'method' as method
FROM http(('GET', 'https://httpbin.org/anything', NULL, 'application/json', '{"search": "toto"}'));
 status | args |        data        |              url               | method 
--------+------+--------------------+--------------------------------+--------
    200 | {}   | {"search": "toto"} | "https://httpbin.org/anything" | "GET"
(1 row)

-- DELETE
SELECT status,
content::json->'args'->>'foo' AS args,
content::json->'url' AS url,
content::json->'method' AS method
FROM http_delete('https://httpbin.org/anything?foo=bar');
 status | args |                  url                   |  method  
--------+------+----------------------------------------+----------
    200 | bar  | "https://httpbin.org/anything?foo=bar" | "DELETE"
(1 row)

-- DELETE with payload
SELECT status,
content::json->'args'->>'foo' AS args,
content::json->'url' AS url,
content::json->'method' AS method,
content::json->'data' AS data
FROM http_delete('https://httpbin.org/anything?foo=bar', 'payload', 'text/plain');
 status | args |                  url                   |  method  |   data    
--------+------+----------------------------------------+----------+-----------
    200 | bar  | "https://httpbin.org/anything?foo=bar" | "DELETE" | "payload"
(1 row)

-- PUT
SELECT status,
content::json->'data' AS data,
content::json->'args'->>'foo' AS args,
content::json->'url' AS url,
content::json->'method' AS method
FROM http_put('https://httpbin.org/anything?foo=bar','payload','text/plain');
 status |   data    | args |                  url                   | method 
--------+-----------+------+----------------------------------------+--------
    200 | "payload" | bar  | "https://httpbin.org/anything?foo=bar" | "PUT"
(1 row)

-- PATCH
SELECT status,
content::json->'data' AS data,
content::json->'args'->>'foo' AS args,
content::json->'url' AS url,
content::json->'method' AS method
FROM http_patch('https://httpbin.org/anything?foo=bar','{"this":"that"}','application/json');
 status |         data          | args |                  url                   | method  
--------+-----------------------+------+----------------------------------------+---------
    200 | "{\"this\":\"that\"}" | bar  | "https://httpbin.org/anything?foo=bar" | "PATCH"
(1 row)

-- POST
SELECT status,
content::json->'data' AS data,
content::json->'args'->>'foo' AS args,
content::json->'url' AS url,
content::json->'method' AS method
FROM http_post('https://httpbin.org/anything?foo=bar','payload','text/plain');
 status |   data    | args |                  url                   | method 
--------+-----------+------+----------------------------------------+--------
    200 | "payload" | bar  | "https://httpbin.org/anything?foo=bar" | "POST"
(1 row)

-- POST with json data
SELECT status,
content::json->'form'->>'this' AS args,
content::json->'url' AS url,
content::json->'method' AS method
FROM http_post('https://httpbin.org/anything', jsonb_build_object('this', 'that'));
 status | args |              url               | method 
--------+------+--------------------------------+--------
    200 | that | "https://httpbin.org/anything" | "POST"
(1 row)

-- POST with data
SELECT status,
content::json->'form'->>'key1' AS key1,
content::json->'form'->>'key2' AS key2,
content::json->'url' AS url,
content::json->'method' AS method
FROM http_post('https://httpbin.org/anything', 'key1=value1&key2=value2','application/x-www-form-urlencoded');
 status |  key1  |  key2  |              url               | method 
--------+--------+--------+--------------------------------+--------
    200 | value1 | value2 | "https://httpbin.org/anything" | "POST"
(1 row)

-- HEAD
SELECT lower(field) AS field, value
FROM (
	SELECT (unnest(headers)).*
	FROM http_head('https://httpbin.org/response-headers?Abcde=abcde')
) a
WHERE field ILIKE 'Abcde';
 field | value 
-------+-------
 abcde | abcde
(1 row)

-- Follow redirect
SELECT status,
(content::json)->'url' AS url
FROM http_get('https://httpbin.org/redirect-to?url=get');
 status |            url            
--------+---------------------------
    200 | "https://httpbin.org/get"
(1 row)

-- Request image
WITH
  http AS (
    SELECT * FROM http_get('https://httpbingo.org/image/png')
  ),
  headers AS (
    SELECT (unnest(headers)).* FROM http
  )
SELECT
  http.content_type,
  length(text_to_bytea(http.content)) AS length_binary
FROM http, headers
WHERE field ilike 'Content-Type';
 content_type | length_binary 
--------------+---------------
 image/png    |          8090
(1 row)

-- Alter options and and reset them and throw errors
SELECT http_set_curlopt('CURLOPT_PROXY', '127.0.0.1');
 http_set_curlopt 
------------------
 t
(1 row)

-- Error because proxy is not there
DO $$
BEGIN
    SELECT status FROM http_get('https://httpbin.org/status/555');
EXCEPTION
    WHEN OTHERS THEN
        RAISE WARNING 'Failed to connect';
END;
$$;
WARNING:  Failed to connect
-- Still an error
DO $$
BEGIN
    SELECT status FROM http_get('https://httpbin.org/status/555');
EXCEPTION
    WHEN OTHERS THEN
        RAISE WARNING 'Failed to connect';
END;
$$;
WARNING:  Failed to connect
-- Reset options
SELECT http_reset_curlopt();
 http_reset_curlopt 
--------------------
 t
(1 row)

-- Now it should work
SELECT status FROM http_get('https://httpbin.org/status/555');
 status 
--------
    555
(1 row)

-- Alter the default timeout and then run a query that is longer than
-- the default (5s), but shorter than the new timeout
SELECT http_set_curlopt('CURLOPT_TIMEOUT_MS', '10000');
 http_set_curlopt 
------------------
 t
(1 row)

SELECT status FROM http_get('https://httpbin.org/delay/7');
 status 
--------
    200
(1 row)

